// Jest Snapshot v1, https://goo.gl/fbAQLP

exports[`renders a "no items" message 1`] = `
<div>
  <h3>
    There are no items in your shopping cart
  </h3>
  <Classify(Trigger)>
    <span>
      Continue Shopping
    </span>
  </Classify(Trigger)>
</div>
`;
