// Jest Snapshot v1, https://goo.gl/fbAQLP

exports[`renders totals summary and checkout components 1`] = `
<div>
  <TotalsSummary
    cart={
      Object {
        "isEditingItem": false,
        "isLoading": false,
      }
    }
  />
  <React.Suspense
    fallback={
      <div>
        <CheckoutButton
          ready={false}
        />
      </div>
    }
  >
    <Connect(CheckoutWrapper)
      cart={
        Object {
          "isEditingItem": false,
          "isLoading": false,
        }
      }
    />
  </React.Suspense>
</div>
`;

exports[`returns null when cart is editing item 1`] = `null`;

exports[`returns null when cart is empty 1`] = `null`;

exports[`returns null when cart is loading 1`] = `null`;
