// Jest Snapshot v1, https://goo.gl/fbAQLP

exports[`renders the correct tree 1`] = `
<aside>
  <Header
    isEditingItem={false}
  />
  <Body
    beginEditItem={[MockFunction]}
    cart={
      Object {
        "isEditingItem": false,
      }
    }
    endEditItem={[MockFunction]}
  />
  <MiniCartMask />
  <Footer
    cart={
      Object {
        "isEditingItem": false,
      }
    }
  />
</aside>
`;
