// Jest Snapshot v1, https://goo.gl/fbAQLP

exports[`renders an empty div when it does not have a subtotal 1`] = `<div />`;

exports[`renders correctly when it has a subtotal 1`] = `
<div>
  <dl>
    <dt>
      <span>
        Cart Total :Â 
        <mockConstructor
          currencyCode="US"
          value={99}
        />
      </span>
    </dt>
    <dd>
      (
      1
       
      item
      )
    </dd>
  </dl>
</div>
`;
