// Jest Snapshot v1, https://goo.gl/fbAQLP

exports[`renders the correct tree 1`] = `
<button>
  <span>
    Hi, I'm a child
  </span>
</button>
`;

exports[`renders the correct tree when children not supplied 1`] = `<button />`;
